2025-02-25 12:58:48,225 [INFO] Activator:176 - 


2025-02-25 12:58:48,229 [INFO] Activator:177 - !SESSION log4j initialized
2025-02-25 12:58:52,607 [INFO] LogOutputStream:77 - [STDOUT_REDIRECT] 
2025-02-25 12:59:30,968 [INFO] ApplicationProperties:184 - Using Application install path: C:\ST\STM32CubeIDE_1.17.0\STM32CubeIDE\plugins\com.st.stm32cube.common.mx_6.13.0.202411220809
2025-02-25 12:59:30,988 [INFO] DbMcusXml:78 - Set database path to: C:\ST\STM32CubeIDE_1.17.0\STM32CubeIDE\plugins\com.st.stm32cube.common.mx_6.13.0.202411220809\\db\/mcu/
2025-02-25 12:59:30,989 [INFO] ApiDb:274 - Set plugin database path to: C:\ST\STM32CubeIDE_1.17.0\STM32CubeIDE\plugins\com.st.stm32cube.common.mx_6.13.0.202411220809\\db\/plugins/boardmanager/
2025-02-25 12:59:30,989 [WARN] ApiDb:259 - Overriding images path with different value:  => C:\ST\STM32CubeIDE_1.17.0\STM32CubeIDE\plugins\com.st.stm32cube.common.mx_6.13.0.202411220809\\db\/plugins/mcufinder/images/
2025-02-25 12:59:31,000 [INFO] ApiDb:250 - Set database path to: C:\Users\kryst\.stmcufinder\plugins\mcufinder//mcu/
2025-02-25 12:59:31,002 [INFO] DbMcusAds:125 - Set database path to: C:\Users\kryst\.stmcufinder\plugins\mcufinder//mcu/
2025-02-25 12:59:31,013 [INFO] CrossReferenceDbSqlite:203 - Set database path to: C:\Users\kryst\.stmcufinder\plugins\mcufinder//mcu/cs/
2025-02-25 12:59:31,154 [INFO] RulesReader:64 - Compatibility file has been processed (297 Rules)
2025-02-25 12:59:31,270 [INFO] DbMcusXml:78 - Set database path to: C:\ST\STM32CubeIDE_1.17.0\STM32CubeIDE\plugins\com.st.stm32cube.common.mx_6.13.0.202411220809\\db\/mcu/
2025-02-25 12:59:31,270 [INFO] ApiDb:274 - Set plugin database path to: C:\ST\STM32CubeIDE_1.17.0\STM32CubeIDE\plugins\com.st.stm32cube.common.mx_6.13.0.202411220809\\db\/plugins/boardmanager/
2025-02-25 12:59:31,271 [INFO] ApiDb:261 - Set plugin images path to: C:\ST\STM32CubeIDE_1.17.0\STM32CubeIDE\plugins\com.st.stm32cube.common.mx_6.13.0.202411220809\\db\/plugins/mcufinder/images/
2025-02-25 12:59:31,271 [WARN] DbFile:41 - Overriding database path with different value: C:\Users\kryst\.stmcufinder\plugins\mcufinder/ => C:\Users\kryst\.stmcufinder\plugins\mcufinder
2025-02-25 12:59:31,271 [INFO] ApiDb:250 - Set database path to: C:\Users\kryst\.stmcufinder\plugins\mcufinder//mcu/
2025-02-25 12:59:31,271 [WARN] DbFile:41 - Overriding database path with different value: C:\Users\kryst\.stmcufinder\plugins\mcufinder/ => C:\Users\kryst\.stmcufinder\plugins\mcufinder
2025-02-25 12:59:31,271 [INFO] DbMcusAds:125 - Set database path to: C:\Users\kryst\.stmcufinder\plugins\mcufinder//mcu/
2025-02-25 12:59:31,271 [WARN] DbFile:41 - Overriding database path with different value: C:\Users\kryst\.stmcufinder\plugins\mcufinder/ => C:\Users\kryst\.stmcufinder\plugins\mcufinder
2025-02-25 12:59:31,271 [WARN] DbFile:41 - Overriding database path with different value: C:\Users\kryst\.stmcufinder\plugins\mcufinder/ => C:\Users\kryst\.stmcufinder\plugins\mcufinder
2025-02-25 12:59:31,271 [INFO] CrossReferenceDbSqlite:203 - Set database path to: C:\Users\kryst\.stmcufinder\plugins\mcufinder//mcu/cs/
2025-02-25 12:59:31,371 [INFO] MainPanel:272 - HeapMemory: 268435456
2025-02-25 12:59:31,530 [INFO] DbMcusXml:78 - Set database path to: C:\ST\STM32CubeIDE_1.17.0\STM32CubeIDE\plugins\com.st.stm32cube.common.mx_6.13.0.202411220809\\db\/mcu/
2025-02-25 12:59:31,530 [INFO] ApiDb:274 - Set plugin database path to: C:\ST\STM32CubeIDE_1.17.0\STM32CubeIDE\plugins\com.st.stm32cube.common.mx_6.13.0.202411220809\\db\/plugins/boardmanager/
2025-02-25 12:59:31,530 [INFO] ApiDb:261 - Set plugin images path to: C:\ST\STM32CubeIDE_1.17.0\STM32CubeIDE\plugins\com.st.stm32cube.common.mx_6.13.0.202411220809\\db\/plugins/mcufinder/images/
2025-02-25 12:59:31,531 [WARN] DbFile:41 - Overriding database path with different value: C:\Users\kryst\.stmcufinder\plugins\mcufinder/ => C:\Users\kryst\.stmcufinder\plugins\mcufinder
2025-02-25 12:59:31,531 [INFO] ApiDb:250 - Set database path to: C:\Users\kryst\.stmcufinder\plugins\mcufinder//mcu/
2025-02-25 12:59:31,531 [WARN] DbFile:41 - Overriding database path with different value: C:\Users\kryst\.stmcufinder\plugins\mcufinder/ => C:\Users\kryst\.stmcufinder\plugins\mcufinder
2025-02-25 12:59:31,531 [INFO] DbMcusAds:125 - Set database path to: C:\Users\kryst\.stmcufinder\plugins\mcufinder//mcu/
2025-02-25 12:59:31,531 [WARN] DbFile:41 - Overriding database path with different value: C:\Users\kryst\.stmcufinder\plugins\mcufinder/ => C:\Users\kryst\.stmcufinder\plugins\mcufinder
2025-02-25 12:59:31,532 [WARN] DbFile:41 - Overriding database path with different value: C:\Users\kryst\.stmcufinder\plugins\mcufinder/ => C:\Users\kryst\.stmcufinder\plugins\mcufinder
2025-02-25 12:59:31,532 [INFO] CrossReferenceDbSqlite:203 - Set database path to: C:\Users\kryst\.stmcufinder\plugins\mcufinder//mcu/cs/
2025-02-25 12:59:31,558 [INFO] ApplicationProperties:184 - Using Application install path: C:\ST\STM32CubeIDE_1.17.0\STM32CubeIDE\plugins\com.st.stm32cube.common.mx_6.13.0.202411220809
2025-02-25 12:59:31,561 [INFO] PluginManage:196 - Search for loadable plugins [exclusion list=, ]
2025-02-25 12:59:31,565 [INFO] PluginManage:310 - Check plugin analytics
2025-02-25 12:59:31,821 [INFO] AnalyticsPlugin:253 - Accepted Software Licenses: 
2025-02-25 12:59:31,821 [INFO] AnalyticsPlugin:255 - Accepted CMSIS Pack Licenses: 
2025-02-25 12:59:31,821 [INFO] AnalyticsPlugin:257 - Accepted Firmware Licenses: 
2025-02-25 12:59:31,825 [INFO] PluginManage:359 - Loaded plugin analytics (category:tool,tabindex:-1)
2025-02-25 12:59:31,825 [INFO] PluginManage:310 - Check plugin cadmodel
2025-02-25 12:59:31,848 [INFO] CADModel:105 - Init CAD model plugin
2025-02-25 12:59:31,849 [INFO] PluginManage:359 - Loaded plugin cadmodel (category:power,tabindex:5)
2025-02-25 12:59:31,849 [INFO] PluginManage:310 - Check plugin clock
2025-02-25 12:59:31,876 [INFO] PluginManage:359 - Loaded plugin clock (category:base,tabindex:2)
2025-02-25 12:59:31,876 [INFO] PluginManage:310 - Check plugin ddr
2025-02-25 12:59:31,879 [INFO] PluginManage:359 - Loaded plugin ddr (category:tool,tabindex:6)
2025-02-25 12:59:31,880 [INFO] PluginManage:310 - Check plugin filemanager
2025-02-25 12:59:32,105 [INFO] PluginManage:359 - Loaded plugin filemanager (category:base,tabindex:10)
2025-02-25 12:59:32,105 [INFO] PluginManage:310 - Check plugin ipmanager
2025-02-25 12:59:32,122 [INFO] PluginManage:359 - Loaded plugin ipmanager (category:base,tabindex:5)
2025-02-25 12:59:32,122 [INFO] PluginManage:310 - Check plugin lpbam
2025-02-25 12:59:32,153 [INFO] PluginManage:359 - Loaded plugin lpbam (category:base,tabindex:0)
2025-02-25 12:59:32,154 [INFO] PluginManage:310 - Check plugin memorymap
2025-02-25 12:59:32,196 [INFO] PluginManage:359 - Loaded plugin memorymap (category:base,tabindex:4)
2025-02-25 12:59:32,196 [INFO] PluginManage:310 - Check plugin pinoutandconfiguration
2025-02-25 12:59:32,237 [INFO] PluginManage:359 - Loaded plugin pinoutandconfiguration (category:base,tabindex:1)
2025-02-25 12:59:32,237 [INFO] PluginManage:310 - Check plugin pinoutconfig
2025-02-25 12:59:32,416 [WARN] SupportedApi:132 - Cannot load RTOS API schema: s4s-elt-must-match.1: The content of 'definitions' must match (annotation?, (simpleType | complexType)?, (unique | key | keyref)*)). A problem was found starting at: attribute.
2025-02-25 12:59:32,564 [INFO] PluginManage:359 - Loaded plugin pinoutconfig (category:base,tabindex:0)
2025-02-25 12:59:32,564 [INFO] PluginManage:310 - Check plugin power
2025-02-25 12:59:32,591 [INFO] PluginManage:359 - Loaded plugin power (category:power,tabindex:4)
2025-02-25 12:59:32,591 [INFO] PluginManage:310 - Check plugin projectmanager
2025-02-25 12:59:32,617 [INFO] PluginManage:359 - Loaded plugin projectmanager (category:projectmanager,tabindex:4)
2025-02-25 12:59:32,617 [INFO] PluginManage:310 - Check plugin rif
2025-02-25 12:59:32,641 [INFO] PluginManage:359 - Loaded plugin rif (category:base,tabindex:3)
2025-02-25 12:59:32,642 [INFO] PluginManage:310 - Check plugin thirdparty
2025-02-25 12:59:33,019 [INFO] PluginManage:359 - Loaded plugin thirdparty (category:base,tabindex:-1)
2025-02-25 12:59:33,020 [INFO] PluginManage:310 - Check plugin tools
2025-02-25 12:59:33,019 [WARN] IntegrityCheckThread:84 - waiting for thirdparty lock release [integrity check]
2025-02-25 12:59:33,020 [INFO] IntegrityCheckThread:86 - entering critical section [integrity check]
2025-02-25 12:59:33,021 [INFO] ThirdPartyUpdaterWithRetryManager:70 - Updater plugin not ready yet. [1/15]
2025-02-25 12:59:33,074 [INFO] PluginManage:359 - Loaded plugin tools (category:base,tabindex:7)
2025-02-25 12:59:33,074 [INFO] PluginManage:310 - Check plugin tutovideos
2025-02-25 12:59:33,330 [INFO] PluginManage:359 - Loaded plugin tutovideos (category:base,tabindex:-1)
2025-02-25 12:59:33,330 [INFO] PluginManage:310 - Check plugin updater
2025-02-25 12:59:33,356 [INFO] PluginManage:359 - Loaded plugin updater (category:base,tabindex:12)
2025-02-25 12:59:33,357 [INFO] PluginManage:310 - Check plugin userauth
2025-02-25 12:59:33,362 [INFO] UserAuth:118 - Init User Auth plugin
2025-02-25 12:59:33,364 [INFO] PluginManage:359 - Loaded plugin userauth (category:base,tabindex:14)
2025-02-25 12:59:33,364 [INFO] PluginManage:283 - PluginManage : Loaded plugins [18]
2025-02-25 12:59:33,618 [INFO] PinOutPanel:1589 - setPackage(No Configuration,No Configuration)
2025-02-25 12:59:33,738 [INFO] CADModel:165 - CPN selected for project level
2025-02-25 12:59:33,738 [INFO] CADModel:114 - Register for checkConnection events
2025-02-25 12:59:33,775 [INFO] IPUIPlugin:80 - create IPUIPlugin
2025-02-25 12:59:33,776 [INFO] PluginManager:220 - loadIPPluginJar : add adc
2025-02-25 12:59:33,839 [INFO] IPUIPlugin:80 - create IPUIPlugin
2025-02-25 12:59:33,839 [INFO] PluginManager:220 - loadIPPluginJar : add aes
2025-02-25 12:59:33,901 [INFO] IPUIPlugin:80 - create IPUIPlugin
2025-02-25 12:59:33,901 [INFO] PluginManager:220 - loadIPPluginJar : add can
2025-02-25 12:59:33,942 [INFO] IPUIPlugin:80 - create IPUIPlugin
2025-02-25 12:59:33,943 [INFO] PluginManager:220 - loadIPPluginJar : add comp
2025-02-25 12:59:33,997 [INFO] IPUIPlugin:80 - create IPUIPlugin
2025-02-25 12:59:33,997 [INFO] PluginManager:220 - loadIPPluginJar : add cryp
2025-02-25 12:59:34,013 [INFO] IPUIPlugin:80 - create IPUIPlugin
2025-02-25 12:59:34,013 [INFO] PluginManager:220 - loadIPPluginJar : add ddr_ctrl_phy
2025-02-25 12:59:34,058 [INFO] IPUIPlugin:80 - create IPUIPlugin
2025-02-25 12:59:34,058 [INFO] PluginManager:220 - loadIPPluginJar : add dfsdm
2025-02-25 12:59:34,078 [INFO] IPUIPlugin:80 - create IPUIPlugin
2025-02-25 12:59:34,079 [INFO] PluginManager:220 - loadIPPluginJar : add dma
2025-02-25 12:59:34,169 [INFO] IPUIPlugin:80 - create IPUIPlugin
2025-02-25 12:59:34,169 [INFO] PluginManager:220 - loadIPPluginJar : add dma3
2025-02-25 12:59:34,253 [INFO] IPUIPlugin:80 - create IPUIPlugin
2025-02-25 12:59:34,253 [INFO] PluginManager:220 - loadIPPluginJar : add extmemmanager
2025-02-25 12:59:34,285 [INFO] IPUIPlugin:80 - create IPUIPlugin
2025-02-25 12:59:34,285 [INFO] PluginManager:220 - loadIPPluginJar : add fatfs
2025-02-25 12:59:34,353 [INFO] IPUIPlugin:80 - create IPUIPlugin
2025-02-25 12:59:34,353 [INFO] PluginManager:220 - loadIPPluginJar : add fmc
2025-02-25 12:59:34,373 [INFO] IPUIPlugin:80 - create IPUIPlugin
2025-02-25 12:59:34,374 [INFO] PluginManager:220 - loadIPPluginJar : add freertos
2025-02-25 12:59:34,407 [INFO] IPUIPlugin:80 - create IPUIPlugin
2025-02-25 12:59:34,407 [INFO] PluginManager:220 - loadIPPluginJar : add genericplugin
2025-02-25 12:59:34,527 [INFO] IPUIPlugin:80 - create IPUIPlugin
2025-02-25 12:59:34,527 [INFO] PluginManager:220 - loadIPPluginJar : add gfxmmu
2025-02-25 12:59:34,720 [INFO] IPUIPlugin:80 - create IPUIPlugin
2025-02-25 12:59:34,720 [INFO] PluginManager:220 - loadIPPluginJar : add gic
2025-02-25 12:59:34,736 [INFO] IPUIPlugin:80 - create IPUIPlugin
2025-02-25 12:59:34,737 [INFO] PluginManager:220 - loadIPPluginJar : add gpio
2025-02-25 12:59:34,878 [INFO] IPUIPlugin:80 - create IPUIPlugin
2025-02-25 12:59:34,878 [INFO] PluginManager:220 - loadIPPluginJar : add gtzc
2025-02-25 12:59:34,924 [INFO] IPUIPlugin:80 - create IPUIPlugin
2025-02-25 12:59:34,924 [INFO] PluginManager:220 - loadIPPluginJar : add hash
2025-02-25 12:59:34,995 [INFO] IPUIPlugin:80 - create IPUIPlugin
2025-02-25 12:59:34,995 [INFO] PluginManager:220 - loadIPPluginJar : add i2c
2025-02-25 12:59:35,047 [INFO] IPUIPlugin:80 - create IPUIPlugin
2025-02-25 12:59:35,047 [INFO] PluginManager:220 - loadIPPluginJar : add i2s
2025-02-25 12:59:35,097 [INFO] IPUIPlugin:80 - create IPUIPlugin
2025-02-25 12:59:35,097 [INFO] PluginManager:220 - loadIPPluginJar : add i3c
2025-02-25 12:59:35,225 [INFO] IPUIPlugin:80 - create IPUIPlugin
2025-02-25 12:59:35,225 [INFO] PluginManager:220 - loadIPPluginJar : add ipddr
2025-02-25 12:59:35,365 [INFO] IPUIPlugin:80 - create IPUIPlugin
2025-02-25 12:59:35,365 [INFO] PluginManager:220 - loadIPPluginJar : add linkedlist
2025-02-25 12:59:35,421 [INFO] IPUIPlugin:80 - create IPUIPlugin
2025-02-25 12:59:35,422 [INFO] PluginManager:220 - loadIPPluginJar : add lorawan
2025-02-25 12:59:35,483 [INFO] IPUIPlugin:80 - create IPUIPlugin
2025-02-25 12:59:35,484 [INFO] PluginManager:220 - loadIPPluginJar : add ltdc
2025-02-25 12:59:35,504 [INFO] IPUIPlugin:80 - create IPUIPlugin
2025-02-25 12:59:35,504 [INFO] PluginManager:220 - loadIPPluginJar : add mdma
2025-02-25 12:59:35,526 [INFO] IPUIPlugin:80 - create IPUIPlugin
2025-02-25 12:59:35,526 [INFO] PluginManager:220 - loadIPPluginJar : add nvic
2025-02-25 12:59:35,600 [INFO] IPUIPlugin:80 - create IPUIPlugin
2025-02-25 12:59:35,600 [INFO] PluginManager:220 - loadIPPluginJar : add opamp
2025-02-25 12:59:35,696 [INFO] IPUIPlugin:80 - create IPUIPlugin
2025-02-25 12:59:35,696 [INFO] PluginManager:220 - loadIPPluginJar : add openamp
2025-02-25 12:59:35,763 [INFO] IPUIPlugin:80 - create IPUIPlugin
2025-02-25 12:59:35,764 [INFO] PluginManager:220 - loadIPPluginJar : add pdm2pcm
2025-02-25 12:59:35,784 [INFO] IPUIPlugin:80 - create IPUIPlugin
2025-02-25 12:59:35,787 [INFO] PluginManager:220 - loadIPPluginJar : add plateformsettings
2025-02-25 12:59:35,834 [INFO] IPUIPlugin:80 - create IPUIPlugin
2025-02-25 12:59:35,834 [INFO] PluginManager:220 - loadIPPluginJar : add quadspi
2025-02-25 12:59:35,888 [INFO] IPUIPlugin:80 - create IPUIPlugin
2025-02-25 12:59:35,889 [INFO] PluginManager:220 - loadIPPluginJar : add radio
2025-02-25 12:59:35,906 [INFO] IPUIPlugin:80 - create IPUIPlugin
2025-02-25 12:59:35,906 [INFO] PluginManager:220 - loadIPPluginJar : add resmgrutility
2025-02-25 12:59:35,968 [INFO] IPUIPlugin:80 - create IPUIPlugin
2025-02-25 12:59:35,969 [INFO] PluginManager:220 - loadIPPluginJar : add sai
2025-02-25 12:59:36,016 [INFO] IPUIPlugin:80 - create IPUIPlugin
2025-02-25 12:59:36,017 [INFO] PluginManager:220 - loadIPPluginJar : add spi
2025-02-25 12:59:36,023 [INFO] ThirdPartyUpdaterWithRetryManager:70 - Updater plugin not ready yet. [2/15]
2025-02-25 12:59:36,109 [INFO] IPUIPlugin:80 - create IPUIPlugin
2025-02-25 12:59:36,109 [INFO] PluginManager:220 - loadIPPluginJar : add stm32_wpan
2025-02-25 12:59:36,151 [INFO] IPUIPlugin:80 - create IPUIPlugin
2025-02-25 12:59:36,152 [INFO] PluginManager:220 - loadIPPluginJar : add tim
2025-02-25 12:59:36,247 [INFO] IPUIPlugin:80 - create IPUIPlugin
2025-02-25 12:59:36,247 [INFO] PluginManager:220 - loadIPPluginJar : add touchsensing
2025-02-25 12:59:36,303 [INFO] IPUIPlugin:80 - create IPUIPlugin
2025-02-25 12:59:36,303 [INFO] PluginManager:220 - loadIPPluginJar : add tracer_emb
2025-02-25 12:59:36,336 [INFO] IPUIPlugin:80 - create IPUIPlugin
2025-02-25 12:59:36,336 [INFO] PluginManager:220 - loadIPPluginJar : add ts
2025-02-25 12:59:36,369 [INFO] IPUIPlugin:80 - create IPUIPlugin
2025-02-25 12:59:36,370 [INFO] PluginManager:220 - loadIPPluginJar : add tsc
2025-02-25 12:59:36,400 [INFO] IPUIPlugin:80 - create IPUIPlugin
2025-02-25 12:59:36,402 [INFO] PluginManager:220 - loadIPPluginJar : add ucpd
2025-02-25 12:59:36,468 [INFO] IPUIPlugin:80 - create IPUIPlugin
2025-02-25 12:59:36,468 [INFO] PluginManager:220 - loadIPPluginJar : add usart
2025-02-25 12:59:36,525 [INFO] IPUIPlugin:80 - create IPUIPlugin
2025-02-25 12:59:36,525 [INFO] PluginManager:220 - loadIPPluginJar : add usbx
2025-02-25 12:59:36,664 [FATAL] Updater:351 - Updater called before beeing initialized
2025-02-25 12:59:36,723 [INFO] RulesReader:64 - Compatibility file has been processed (297 Rules)
2025-02-25 12:59:36,735 [INFO] RulesReader:64 - Compatibility file has been processed (297 Rules)
2025-02-25 12:59:36,744 [INFO] CADModel:165 - CPN selected for project level
2025-02-25 12:59:36,745 [INFO] CADModel:114 - Register for checkConnection events
2025-02-25 12:59:36,745 [FATAL] Updater:351 - Updater called before beeing initialized
2025-02-25 12:59:36,745 [ERROR] CADModel:125 - Updater not yet initialized, retry later 
2025-02-25 12:59:36,887 [FATAL] Updater:351 - Updater called before beeing initialized
2025-02-25 12:59:36,889 [INFO] CADModel:165 - CPN selected for project level
2025-02-25 12:59:36,889 [INFO] CADModel:114 - Register for checkConnection events
2025-02-25 12:59:36,889 [FATAL] Updater:351 - Updater called before beeing initialized
2025-02-25 12:59:36,889 [ERROR] CADModel:125 - Updater not yet initialized, retry later 
2025-02-25 12:59:36,892 [FATAL] Updater:351 - Updater called before beeing initialized
2025-02-25 12:59:37,023 [FATAL] Updater:351 - Updater called before beeing initialized
2025-02-25 12:59:37,036 [INFO] DbMcusAds:53 - JSON generation date=Tue Dec 17 17:01:15 CET 2024 (1734451275111)
2025-02-25 12:59:37,036 [FATAL] Updater:351 - Updater called before beeing initialized
2025-02-25 12:59:37,085 [WARN] DetailPanel:346 - Failed to get advertising image, set to default
2025-02-25 12:59:37,544 [FATAL] Updater:351 - Updater called before beeing initialized
2025-02-25 12:59:37,546 [FATAL] Updater:351 - Updater called before beeing initialized
2025-02-25 12:59:37,546 [FATAL] Updater:351 - Updater called before beeing initialized
2025-02-25 12:59:37,546 [WARN] DetailPanel:346 - Failed to get advertising image, set to default
2025-02-25 12:59:37,547 [FATAL] Updater:351 - Updater called before beeing initialized
2025-02-25 12:59:37,621 [ERROR] Updater:1198 - MainUpdater not yet initialized. External WinMGr cannot be set.
2025-02-25 12:59:37,639 [INFO] Updater:1134 - Updater Version found : 6.13.0
2025-02-25 12:59:37,659 [INFO] ApplicationProperties:184 - Using Application install path: C:\ST\STM32CubeIDE_1.17.0\STM32CubeIDE\plugins\com.st.stm32cube.common.mx_6.13.0.202411220809
2025-02-25 12:59:39,024 [INFO] ThirdPartyUpdaterWithRetryManager:70 - Updater plugin not ready yet. [3/15]
2025-02-25 12:59:39,267 [ERROR] LogOutputStream:75 - [STDERR_REDIRECT] Feb 25, 2025 12:59:39 PM java.util.prefs.WindowsPreferences <init>
2025-02-25 12:59:39,272 [ERROR] LogOutputStream:75 - [STDERR_REDIRECT] WARNING: Could not open/create prefs root node Software\JavaSoft\Prefs at root 0xffffffff80000002. Windows RegCreateKeyEx(...) returned error code 5.
2025-02-25 12:59:39,273 [ERROR] LogOutputStream:75 - [STDERR_REDIRECT] 
2025-02-25 12:59:39,928 [INFO] MainUpdater:2872 - connection check result : 10
2025-02-25 12:59:39,929 [INFO] MainUpdater:3566 - Updater definition file requires update
2025-02-25 12:59:39,931 [INFO] MainUpdater:289 - Updater Check For Update Now.
2025-02-25 12:59:39,932 [INFO] MicroXplorer:498 - Change Database Version : DB.6.0.130
2025-02-25 12:59:39,983 [INFO] McuFinderGlobals:63 - Set McuFinder mode to 2 (CubeIDE integrated)
2025-02-25 12:59:39,984 [INFO] UserAuth:171 - activating auth plugin
2025-02-25 12:59:39,990 [INFO] UserAuth:486 - Internet connection configuration mode: 1
2025-02-25 12:59:40,040 [INFO] JxBrowserEngine:152 - Initiate JxBrowser Engine with user profile folder
2025-02-25 12:59:40,079 [INFO] ServerAccessManage:473 - Download File updaters.zip
2025-02-25 12:59:40,253 [INFO] FileExtend:240 - Unzip File : updaters.zip
2025-02-25 12:59:40,253 [INFO] FileExtend:255 - Standard Zip Deflate
2025-02-25 12:59:41,234 [INFO] ServerAccessManage:473 - Download File PacksControlFlags.xml
2025-02-25 12:59:41,437 [INFO] ServerAccessManage:473 - Download File cubemx.pidx
2025-02-25 12:59:41,736 [INFO] LoadServerUpdatesThread:375 - End of LoadServerUpdate Thread
2025-02-25 12:59:41,932 [INFO] CheckServerUpdateThread:120 - End of CheckServer Thread
2025-02-25 12:59:42,210 [INFO] WebApp:168 - Instantiating new browser for Auth
2025-02-25 12:59:42,486 [WARN] PackLoader:240 - Cannot read IP mode file for STMicroelectronics.FP-SNS-MOTENVWB1.1.4.0
2025-02-25 12:59:42,511 [WARN] PackLoader:240 - Cannot read IP mode file for STMicroelectronics.FP-ATR-ASTRA1.2.0.1
2025-02-25 12:59:42,536 [WARN] PackLoader:240 - Cannot read IP mode file for STMicroelectronics.X-CUBE-SMBUS.2.1.0
2025-02-25 12:59:42,558 [WARN] PackLoader:240 - Cannot read IP mode file for STMicroelectronics.X-CUBE-WB05N.1.1.0
2025-02-25 12:59:42,579 [WARN] PackLoader:240 - Cannot read IP mode file for STMicroelectronics.X-CUBE-TOUCHGFX.4.23.0
2025-02-25 12:59:42,595 [WARN] PackLoader:240 - Cannot read IP mode file for STMicroelectronics.X-CUBE-TOUCHGFX.4.23.2
2025-02-25 12:59:42,651 [WARN] PackLoader:240 - Cannot read IP mode file for STMicroelectronics.X-CUBE-AZRTOS-F7.1.1.0
2025-02-25 12:59:42,680 [ERROR] RealEvaluatedCondition:428 - Found unsupported composite condition: GROUP='STM32_MetaDataManager' CLASS='Data Exchange'
2025-02-25 12:59:42,680 [ERROR] RealEvaluatedCondition:428 - Found unsupported composite condition: CLASS='Data Exchange' GROUP='STM32_MetaDataManager'
2025-02-25 12:59:42,682 [WARN] PackLoader:240 - Cannot read IP mode file for STMicroelectronics.FP-SNS-MOTENV1.4.3.0
2025-02-25 12:59:42,713 [WARN] PackLoader:240 - Cannot read IP mode file for STMicroelectronics.FP-SNS-MOTENV1.4.3.2
2025-02-25 12:59:42,740 [WARN] PackLoader:240 - Cannot read IP mode file for STMicroelectronics.FP-SNS-FLIGHT1.5.0.0
2025-02-25 12:59:42,765 [ERROR] RealEvaluatedCondition:428 - Found unsupported composite condition: CLASS='Data Exchange' GROUP='STM32_MetaDataManager'
2025-02-25 12:59:42,766 [ERROR] RealEvaluatedCondition:428 - Found unsupported composite condition: GROUP='STM32_MetaDataManager' CLASS='Data Exchange'
2025-02-25 12:59:42,767 [WARN] PackLoader:240 - Cannot read IP mode file for STMicroelectronics.FP-SNS-MOTENV1.4.3.1
2025-02-25 12:59:42,793 [WARN] PackLoader:240 - Cannot read IP mode file for STMicroelectronics.FP-SNS-FLIGHT1.5.0.1
2025-02-25 12:59:42,827 [WARN] PackLoader:240 - Cannot read IP mode file for STMicroelectronics.X-CUBE-BLE1.6.2.3
2025-02-25 12:59:42,923 [WARN] PackLoader:240 - Cannot read IP mode file for STMicroelectronics.X-CUBE-MEMS1.11.0.0
2025-02-25 12:59:43,070 [WARN] PackLoader:240 - Cannot read IP mode file for STMicroelectronics.X-CUBE-BLE1.6.2.4
2025-02-25 12:59:43,096 [WARN] PackLoader:240 - Cannot read IP mode file for STMicroelectronics.FP-SNS-FLIGHT1.5.0.2
2025-02-25 12:59:43,128 [WARN] PackLoader:240 - Cannot read IP mode file for STMicroelectronics.X-CUBE-DISPLAY.3.0.0
2025-02-25 12:59:43,158 [WARN] PackLoader:240 - Cannot read IP mode file for STMicroelectronics.X-CUBE-BLE1.7.0.0
2025-02-25 12:59:43,184 [WARN] PackLoader:240 - Cannot read IP mode file for STMicroelectronics.X-CUBE-NFC10.1.0.0
2025-02-25 12:59:43,218 [WARN] PackLoader:240 - Cannot read IP mode file for STMicroelectronics.X-CUBE-BLEMGR.4.0.0
2025-02-25 12:59:43,252 [WARN] PackLoader:240 - Cannot read IP mode file for emotas.I-CUBE-CANOPEN.1.3.0
2025-02-25 12:59:43,277 [WARN] PackLoader:240 - Cannot read IP mode file for STMicroelectronics.X-CUBE-TOUCHGFX.4.22.0
2025-02-25 12:59:43,302 [WARN] PackLoader:240 - Cannot read IP mode file for STMicroelectronics.X-CUBE-TOUCHGFX.4.22.1
2025-02-25 12:59:43,378 [WARN] PackLoader:240 - Cannot read IP mode file for STMicroelectronics.X-CUBE-MEMS1.9.3.0
2025-02-25 12:59:43,446 [INFO] WebApp:449 - Apply proxy settings
2025-02-25 12:59:43,446 [INFO] WebApp:534 - Chromium requires no authentication
2025-02-25 12:59:43,459 [INFO] WebApp:477 - Direct internet connection detected
2025-02-25 12:59:43,502 [INFO] WebApp:880 - Register for checkConnection events
2025-02-25 12:59:43,502 [INFO] WebApp:449 - Apply proxy settings
2025-02-25 12:59:43,503 [INFO] WebApp:534 - Chromium requires no authentication
2025-02-25 12:59:43,505 [INFO] WebApp:477 - Direct internet connection detected
2025-02-25 12:59:43,531 [WARN] PackLoader:240 - Cannot read IP mode file for STMicroelectronics.X-CUBE-BLEMGR.3.1.0
2025-02-25 12:59:43,557 [WARN] PackLoader:240 - Cannot read IP mode file for STMicroelectronics.X-CUBE-AI.10.0.0
2025-02-25 12:59:43,581 [WARN] PackLoader:240 - Cannot read IP mode file for STMicroelectronics.FP-SNS-SMARTAG2.1.2.0
2025-02-25 12:59:43,647 [WARN] PackLoader:240 - Cannot read IP mode file for STMicroelectronics.X-CUBE-MEMS1.11.1.0
2025-02-25 12:59:43,763 [INFO] LogOutputStream:77 - [STDOUT_REDIRECT] 1 : Invalid condition id : UX_CORESTACK_Condition cause : null
2025-02-25 12:59:43,764 [INFO] LogOutputStream:77 - [STDOUT_REDIRECT] 1 : Invalid condition id : UX_CORESTACK_Condition cause : null
2025-02-25 12:59:43,765 [INFO] LogOutputStream:77 - [STDOUT_REDIRECT] 1 : Invalid condition id : UX_CORESTACK_Condition cause : null
2025-02-25 12:59:43,766 [INFO] LogOutputStream:77 - [STDOUT_REDIRECT] 1 : Invalid condition id : UX_CORESTACK_Condition cause : null
2025-02-25 12:59:43,768 [INFO] LogOutputStream:77 - [STDOUT_REDIRECT] 1 : Invalid condition id : UX_CORESTACK_Condition cause : null
2025-02-25 12:59:43,770 [WARN] PackLoader:240 - Cannot read IP mode file for STMicroelectronics.X-CUBE-AZRTOS-WL.2.0.0
2025-02-25 12:59:43,793 [WARN] PackLoader:240 - Cannot read IP mode file for STMicroelectronics.FP-SNS-MOTENV1.5.0.0
2025-02-25 12:59:43,814 [INFO] WebApp:221 - Starting web application
2025-02-25 12:59:43,815 [INFO] WebApp:579 - Web application path used C:\ST\STM32CubeIDE_1.17.0\STM32CubeIDE\plugins\com.st.stm32cube.common.mx_6.13.0.202411220809\db\plugins\mcufinder\reactClient1\index.html
2025-02-25 12:59:43,816 [WARN] PackLoader:240 - Cannot read IP mode file for wolfSSL.I-CUBE-wolfMQTT.1.19.0
2025-02-25 12:59:43,845 [WARN] PackLoader:240 - Cannot read IP mode file for WES.I-CUBE-Cesium.1.3.0
2025-02-25 12:59:43,869 [WARN] PackLoader:240 - Cannot read IP mode file for STMicroelectronics.X-CUBE-BLE2.3.3.0
2025-02-25 12:59:43,893 [WARN] PackLoader:240 - Cannot read IP mode file for STMicroelectronics.X-CUBE-DISPLAY.2.2.0
2025-02-25 12:59:43,916 [INFO] WebApp:187 - Connection restablished
2025-02-25 12:59:43,926 [WARN] PackLoader:240 - Cannot read IP mode file for STMicroelectronics.X-CUBE-TOF1.3.2.0
2025-02-25 12:59:43,954 [WARN] PackLoader:240 - Cannot read IP mode file for STMicroelectronics.X-CUBE-ISPU.1.0.0
2025-02-25 12:59:43,981 [WARN] PackLoader:240 - Cannot read IP mode file for STMicroelectronics.X-CUBE-NFC9.1.0.0
2025-02-25 12:59:44,044 [WARN] PackLoader:240 - Cannot read IP mode file for STMicroelectronics.X-CUBE-AZRTOS-H7.2.1.0
2025-02-25 12:59:44,069 [WARN] PackLoader:240 - Cannot read IP mode file for STMicroelectronics.X-CUBE-TCPP.4.1.0
2025-02-25 12:59:44,099 [WARN] PackLoader:240 - Cannot read IP mode file for STMicroelectronics.X-CUBE-TOUCHGFX.4.21.1
2025-02-25 12:59:44,124 [WARN] PackLoader:240 - Cannot read IP mode file for STMicroelectronics.X-CUBE-TOUCHGFX.4.21.0
2025-02-25 12:59:44,147 [WARN] PackLoader:240 - Cannot read IP mode file for STMicroelectronics.X-CUBE-TOUCHGFX.4.21.3
2025-02-25 12:59:44,171 [WARN] PackLoader:240 - Cannot read IP mode file for STMicroelectronics.X-CUBE-TOUCHGFX.4.21.4
2025-02-25 12:59:44,229 [WARN] PackLoader:240 - Cannot read IP mode file for STMicroelectronics.X-CUBE-MEMS1.9.4.0
2025-02-25 12:59:44,344 [WARN] PackLoader:240 - Cannot read IP mode file for STMicroelectronics.X-CUBE-AI.7.3.0
2025-02-25 12:59:44,371 [WARN] PackLoader:240 - Cannot read IP mode file for STMicroelectronics.X-CUBE-ALGOBUILD.1.3.0
2025-02-25 12:59:44,419 [WARN] PackLoader:240 - Cannot read IP mode file for STMicroelectronics.X-CUBE-AZRTOS-G0.1.1.0
2025-02-25 12:59:44,447 [WARN] PackLoader:240 - Cannot read IP mode file for STMicroelectronics.X-CUBE-SAFEA1.1.2.2
2025-02-25 12:59:44,473 [WARN] PackLoader:240 - Cannot read IP mode file for STMicroelectronics.X-CUBE-NFC4.3.0.0
2025-02-25 12:59:44,528 [WARN] PackLoader:240 - Cannot read IP mode file for SEGGER.I-CUBE-embOS.1.2.1
2025-02-25 12:59:44,578 [WARN] PackLoader:240 - Cannot read IP mode file for EmbeddedOffice.I-CUBE-FS-RTOS.1.0.1
2025-02-25 12:59:44,604 [WARN] PackLoader:240 - Cannot read IP mode file for AL94.I-CUBE-USBD-COMPOSITE.1.0.3
2025-02-25 12:59:44,769 [WARN] PackLoader:240 - Cannot read IP mode file for STMicroelectronics.X-CUBE-BLEMGR.3.0.0
2025-02-25 12:59:44,794 [WARN] PackLoader:240 - Cannot read IP mode file for STMicroelectronics.X-CUBE-BLEMGR.1.3.0
2025-02-25 12:59:44,818 [WARN] PackLoader:240 - Cannot read IP mode file for STMicroelectronics.X-CUBE-TCPP.4.2.0
2025-02-25 12:59:44,842 [WARN] PackLoader:240 - Cannot read IP mode file for RealThread.X-CUBE-RT-Thread_Nano.4.1.1
2025-02-25 12:59:44,865 [WARN] PackLoader:240 - Cannot read IP mode file for STMicroelectronics.FP-ATR-SIGFOX1.3.2.0
2025-02-25 12:59:44,884 [WARN] ConditionMgr:438 - getConditionDescription Invalid condition id : Cortex-A Device cause : null
2025-02-25 12:59:44,912 [WARN] ConditionMgr:1044 - genDependencies : Invalid condition id : Cortex-A Device cause : null
2025-02-25 12:59:44,912 [WARN] ConditionMgr:1044 - genDependencies : Invalid condition id : Cortex-A Device cause : null
2025-02-25 12:59:44,912 [WARN] ConditionMgr:1044 - genDependencies : Invalid condition id : Cortex-A Device cause : null
2025-02-25 12:59:44,935 [WARN] PackLoader:240 - Cannot read IP mode file for STMicroelectronics.X-CUBE-EEPRMA1.5.1.0
2025-02-25 12:59:44,961 [WARN] PackLoader:240 - Cannot read IP mode file for emotas.I-CUBE-CANOPEN.1.1.2
2025-02-25 12:59:44,982 [WARN] PackLoader:240 - Cannot read IP mode file for STMicroelectronics.X-CUBE-TOUCHGFX.4.20.0
2025-02-25 12:59:44,999 [WARN] PackLoader:240 - Cannot read IP mode file for wolfSSL.I-CUBE-wolfSSL.5.7.4
2025-02-25 12:59:45,023 [WARN] PackLoader:240 - Cannot read IP mode file for ITTIA_DB.I-CUBE-ITTIADB.8.9.0
2025-02-25 12:59:45,067 [WARN] PackLoader:240 - Cannot read IP mode file for STMicroelectronics.X-CUBE-MEMS1.9.5.0
2025-02-25 12:59:45,218 [WARN] PackLoader:240 - Cannot read IP mode file for SEGGER.I-CUBE-embOS.1.3.1
2025-02-25 12:59:45,260 [WARN] PackLoader:240 - Cannot read IP mode file for STMicroelectronics.X-CUBE-ALGOBUILD.1.4.0
2025-02-25 12:59:45,279 [WARN] PackLoader:240 - Cannot read IP mode file for STMicroelectronics.X-CUBE-AI.9.1.0
2025-02-25 12:59:45,296 [WARN] PackLoader:240 - Cannot read IP mode file for STMicroelectronics.X-CUBE-GNSS1.6.0.0
2025-02-25 12:59:45,331 [WARN] PackLoader:240 - Cannot read IP mode file for STMicroelectronics.X-CUBE-AZRTOS-F4.1.1.0
2025-02-25 12:59:45,349 [WARN] PackLoader:240 - Cannot read IP mode file for STMicroelectronics.X-CUBE-ISPU.2.1.0
2025-02-25 12:59:45,369 [WARN] PackLoader:240 - Cannot read IP mode file for STMicroelectronics.X-CUBE-FREERTOS.1.2.0
2025-02-25 12:59:45,392 [WARN] PackLoader:240 - Cannot read IP mode file for STMicroelectronics.X-CUBE-BLEMGR.1.2.0
2025-02-25 12:59:45,430 [WARN] PackLoader:240 - Cannot read IP mode file for STMicroelectronics.X-CUBE-AZRTOS-L5.2.0.0
2025-02-25 12:59:45,494 [WARN] PackLoader:240 - Cannot read IP mode file for STMicroelectronics.X-CUBE-MEMS1.9.6.0
2025-02-25 12:59:45,641 [WARN] PackLoader:240 - Cannot read IP mode file for STMicroelectronics.X-CUBE-EEPRMA1.4.2.0
2025-02-25 12:59:45,667 [WARN] PackLoader:240 - Cannot read IP mode file for STMicroelectronics.X-CUBE-NFC6.3.1.0
2025-02-25 12:59:45,690 [WARN] PackLoader:240 - Cannot read IP mode file for ITTIA_DB.I-CUBE-ITTIADB.8.8.0
2025-02-25 12:59:45,717 [WARN] PackLoader:240 - Cannot read IP mode file for STMicroelectronics.X-CUBE-BLEMGR.2.0.0
2025-02-25 12:59:45,747 [WARN] PackLoader:240 - Cannot read IP mode file for STMicroelectronics.X-CUBE-DPower.1.2.0
2025-02-25 12:59:45,789 [WARN] PackLoader:240 - Cannot read IP mode file for STMicroelectronics.X-CUBE-NFC4.2.0.5
2025-02-25 12:59:45,821 [WARN] PackLoader:240 - Cannot read IP mode file for STMicroelectronics.X-CUBE-NFC4.2.0.4
2025-02-25 12:59:45,851 [WARN] PackLoader:240 - Cannot read IP mode file for STMicroelectronics.X-CUBE-AI.9.0.0
2025-02-25 12:59:45,919 [WARN] ConditionMgr:438 - getConditionDescription Invalid condition id : UX DEVICE CLASS RTOS Condition cause : null
2025-02-25 12:59:45,919 [WARN] ConditionMgr:438 - getConditionDescription Invalid condition id : UX DEVICE CLASS RTOS Condition cause : null
2025-02-25 12:59:45,922 [WARN] PackLoader:240 - Cannot read IP mode file for STMicroelectronics.X-CUBE-AZRTOS-H7.3.1.0
2025-02-25 12:59:45,923 [WARN] ConditionMgr:1044 - genDependencies : Invalid condition id : UX DEVICE CLASS RTOS Condition cause : null
2025-02-25 12:59:45,924 [WARN] ConditionMgr:1044 - genDependencies : Invalid condition id : UX DEVICE CLASS RTOS Condition cause : null
2025-02-25 12:59:45,925 [WARN] ConditionMgr:1044 - genDependencies : Invalid condition id : UX DEVICE CLASS RTOS Condition cause : null
2025-02-25 12:59:45,925 [WARN] ConditionMgr:1044 - genDependencies : Invalid condition id : UX DEVICE CLASS RTOS Condition cause : null
2025-02-25 12:59:45,925 [WARN] ConditionMgr:1044 - genDependencies : Invalid condition id : UX DEVICE CLASS RTOS Condition cause : null
2025-02-25 12:59:45,951 [WARN] PackLoader:240 - Cannot read IP mode file for wolfSSL.I-CUBE-wolfSSL.5.5.1
2025-02-25 12:59:45,973 [WARN] PackLoader:240 - Cannot read IP mode file for STMicroelectronics.X-CUBE-FREERTOS.1.3.0
2025-02-25 12:59:46,001 [WARN] PackLoader:240 - Cannot read IP mode file for STMicroelectronics.X-CUBE-NFC7.1.0.1
2025-02-25 12:59:46,030 [WARN] PackLoader:240 - Cannot read IP mode file for STMicroelectronics.X-CUBE-NFC7.1.0.0
2025-02-25 12:59:46,053 [WARN] PackLoader:240 - Cannot read IP mode file for wolfSSL.I-CUBE-wolfTPM.3.2.0
2025-02-25 12:59:46,078 [WARN] PackLoader:240 - Cannot read IP mode file for STMicroelectronics.X-CUBE-NFC6.3.0.0
2025-02-25 12:59:46,117 [WARN] PackLoader:240 - Cannot read IP mode file for STMicroelectronics.X-CUBE-EEPRMA1.4.1.0
2025-02-25 12:59:46,142 [WARN] PackLoader:240 - Cannot read IP mode file for STMicroelectronics.X-CUBE-AI.8.1.0
2025-02-25 12:59:46,203 [WARN] ConditionMgr:438 - getConditionDescription Invalid condition id : LAN8742 Phy interface Condition cause : null
2025-02-25 12:59:46,205 [WARN] PackLoader:240 - Cannot read IP mode file for STMicroelectronics.X-CUBE-AZRTOS-L4.2.0.0
2025-02-25 12:59:46,206 [WARN] ConditionMgr:1044 - genDependencies : Invalid condition id : LAN8742 Phy interface Condition cause : null
2025-02-25 12:59:46,207 [WARN] ConditionMgr:1044 - genDependencies : Invalid condition id : LAN8742 Phy interface Condition cause : null
2025-02-25 12:59:46,209 [WARN] ConditionMgr:1044 - genDependencies : Invalid condition id : LAN8742 Phy interface Condition cause : null
2025-02-25 12:59:46,237 [WARN] PackLoader:240 - Cannot read IP mode file for STMicroelectronics.X-CUBE-SFXS2LP1.4.0.0
2025-02-25 12:59:46,301 [ERROR] LogOutputStream:75 - [STDERR_REDIRECT] 
2025-02-25 12:59:46,303 [ERROR] LogOutputStream:75 - [STDERR_REDIRECT] 
